<?xml version="1.0" encoding="UTF-8"?>
<TestRun id="e330eaf4-8809-416d-ae37-eb592bbc92cf" name="Ariel@ARIEL-DEV 2011-06-02 17:41:45" runUser="Ariel-DEV\Ariel" xmlns="http://microsoft.com/schemas/VisualStudio/TeamTest/2010">
  <TestSettings name="Local" id="9abcb9a3-b221-4843-9e08-c09b98513160">
    <Description>These are default test settings for a local test run.</Description>
    <Deployment enabled="false" runDeploymentRoot="Ariel_ARIEL-DEV 2011-06-02 17_41_45">
      <DeploymentItem filename="C:\Ariel\Projects\CodeValue\CodeLight\CodeCommander\CodeValue.CodeCommander\bin\Debug\CodeValue.CodeCommander.dll" />
      <DeploymentItem filename="C:\Program Files (x86)\Microsoft Reactive Extensions SDK\v1.0.10425\Binaries\.NETFramework\v4.0\System.Reactive.dll" />
      <DeploymentItem filename="C:\Ariel\Projects\CodeValue\CodeLight\CodeCommander\3rd Party\ReactiveUI.dll" />
      <DeploymentItem filename="C:\Ariel\Projects\CodeValue\CodeLight\CodeCommander\3rd Party\Telerik.JustMock.dll" />
    </Deployment>
    <Execution>
      <TestTypeSpecific />
      <AgentRule name="Execution Agents">
      </AgentRule>
    </Execution>
  </TestSettings>
  <Times creation="2011-06-02T17:41:45.1567038+03:00" queuing="2011-06-02T17:41:59.9735512+03:00" start="2011-06-02T17:42:00.5875864+03:00" finish="2011-06-02T17:42:09.5600996+03:00" />
  <ResultSummary outcome="Completed">
    <Counters total="1" executed="1" passed="1" error="0" failed="0" timeout="0" aborted="0" inconclusive="0" passedButRunAborted="0" notRunnable="0" notExecuted="0" disconnected="0" warning="0" completed="0" inProgress="0" pending="0" />
  </ResultSummary>
  <TestDefinitions>
    <UnitTest name="AddFilter_AddingAFilterForEmptyManager_FilterManagerHasOneFilter" storage="c:\ariel\projects\codevalue\codelight\codecommander\codevalue.codecommander.tests\bin\debug\codevalue.codecommander.tests.dll" id="685c9e73-bb86-0eff-bd74-667efc3fe87a">
      <Execution id="509a6c77-cc20-4a74-b718-c7ef1151c990" />
      <TestMethod codeBase="C:/Ariel/Projects/CodeValue/CodeLight/CodeCommander/CodeValue.CodeCommander.Tests/bin/Debug/CodeValue.CodeCommander.Tests.DLL" adapterTypeName="Microsoft.VisualStudio.TestTools.TestTypes.Unit.UnitTestAdapter, Microsoft.VisualStudio.QualityTools.Tips.UnitTest.Adapter, Version=10.0.0.0, Culture=neutral, PublicKeyToken=b03f5f7f11d50a3a" className="CodeValue.CodeCommander.Tests.FilterManagerTest, CodeValue.CodeCommander.Tests, Version=1.0.0.0, Culture=neutral, PublicKeyToken=null" name="AddFilter_AddingAFilterForEmptyManager_FilterManagerHasOneFilter" />
    </UnitTest>
  </TestDefinitions>
  <TestLists>
    <TestList name="Results Not in a List" id="8c84fa94-04c1-424b-9868-57a2d4851a1d" />
    <TestList name="All Loaded Results" id="19431567-8539-422a-85d7-44ee4e166bda" />
  </TestLists>
  <TestEntries>
    <TestEntry testId="685c9e73-bb86-0eff-bd74-667efc3fe87a" executionId="509a6c77-cc20-4a74-b718-c7ef1151c990" testListId="8c84fa94-04c1-424b-9868-57a2d4851a1d" />
  </TestEntries>
  <Results>
    <UnitTestResult executionId="509a6c77-cc20-4a74-b718-c7ef1151c990" testId="685c9e73-bb86-0eff-bd74-667efc3fe87a" testName="AddFilter_AddingAFilterForEmptyManager_FilterManagerHasOneFilter" computerName="ARIEL-DEV" duration="00:00:02.4418981" startTime="2011-06-02T17:42:01.0346119+03:00" endTime="2011-06-02T17:42:09.1190743+03:00" testType="13cdc9d9-ddb5-4fa4-a97d-d965ccfc6d4b" outcome="Passed" testListId="8c84fa94-04c1-424b-9868-57a2d4851a1d" relativeResultsDirectory="509a6c77-cc20-4a74-b718-c7ef1151c990">
      <Output>
        <StdOut>Debug: 02/06/2011 17:42:08 [13] ReactiveUI.ReactiveCollection`1: Item Added to 293D5D9 - IFilter_Proxy_a2bca6687e824733b7243992b6ca4553</StdOut>
        <StdErr>*** Detected Unit Test Runner, setting Scheduler to Immediate ***
If we are not actually in a test runner, please file a bug</StdErr>
      </Output>
    </UnitTestResult>
  </Results>
</TestRun>